geo_id,val,se,sample_size
AL,98.0,NA,NA
PR,48.0,NA,NA
