geo_id,val,se,sample_size
AL,33.0,NA,NA
PR,33.0,NA,NA
