geo_id,val,se,sample_size
10380,0.9159935379644588,NA,NA
38660,161.08400646203557,NA,NA
44140,98.0,NA,NA
