geo_id,val,se,sample_size
25013,98.0,NA,NA
72001,161.08400646203557,NA,NA
72141,0.9159935379644588,NA,NA
