geo_id,val,se,sample_size
25013,33.0,NA,NA
72001,76.56462035541196,NA,NA
72141,0.4353796445880453,NA,NA
