geo_id,val,se,sample_size
10380,0.4353796445880453,NA,NA
38660,76.56462035541196,NA,NA
44140,33.0,NA,NA
